BL51 BANKED LINKER/LOCATER V6.22.4.0                                                    08/15/2026  10:38:25  PAGE 1


BL51 BANKED LINKER/LOCATER V6.22.4.0, INVOKED BY:
D:\KEIL_V5\C51\BIN\BL51.EXE .\Objects\main.obj, .\Objects\Beep.obj, .\Objects\Key.obj, .\Objects\Led.obj, .\Objects\Moto
>> r.obj, .\Objects\Seg.obj TO .\Objects\Hardware_C1 PRINT (.\Listings\Hardware_C1.m51) RAMSIZE (256)


MEMORY MODEL: SMALL


INPUT MODULES INCLUDED:
  .\Objects\main.obj (MAIN)
  .\Objects\Beep.obj (BEEP)
  .\Objects\Key.obj (KEY)
  .\Objects\Led.obj (LED)
  .\Objects\Motor.obj (MOTOR)
  .\Objects\Seg.obj (SEG)
  D:\KEIL_V5\C51\LIB\C51S.LIB (?C_STARTUP)
  D:\KEIL_V5\C51\LIB\C51S.LIB (?C?CLDOPTR)
  D:\KEIL_V5\C51\LIB\C51S.LIB (?C_INIT)


LINK MAP OF MODULE:  .\Objects\Hardware_C1 (MAIN)


            TYPE    BASE      LENGTH    RELOCATION   SEGMENT NAME
            -----------------------------------------------------

            * * * * * * *   D A T A   M E M O R Y   * * * * * * *
            REG     0000H     0008H     ABSOLUTE     "REG BANK 0"
            DATA    0008H     0008H     UNIT         ?DT?SEG
            DATA    0010H     0005H     UNIT         ?DT?BEEP
            DATA    0015H     0003H     UNIT         ?DT?MOTOR
            DATA    0018H     0003H     UNIT         ?DT?_SEG_SETALL?SEG
            DATA    001BH     0003H     UNIT         _DATA_GROUP_
            DATA    001EH     0001H     UNIT         ?DT?KEY
                    001FH     0001H                  *** GAP ***
            BIT     0020H.0   0000H.1   UNIT         _BIT_GROUP_
                    0020H.1   0000H.7                *** GAP ***
            IDATA   0021H     0001H     UNIT         ?STACK

            * * * * * * *   C O D E   M E M O R Y   * * * * * * *
            CODE    0000H     0003H     ABSOLUTE     
            CODE    0003H     0003H     UNIT         ?PR?LED_INIT?LED
            CODE    0006H     0003H     UNIT         ?PR?LED1_TOGGLE?LED
                    0009H     0002H                  *** GAP ***
            CODE    000BH     0003H     ABSOLUTE     
            CODE    000EH     008CH     UNIT         ?C_C51STARTUP
            CODE    009AH     006CH     UNIT         ?PR?MAIN?MAIN
            CODE    0106H     0065H     UNIT         ?PR?_SEG_SCAN?SEG
            CODE    016BH     004CH     UNIT         ?PR?_KEY_READ?KEY
            CODE    01B7H     0046H     UNIT         ?PR?TIMER0SERVER?MAIN
            CODE    01FDH     0046H     UNIT         ?PR?BEEP_TICK?BEEP
            CODE    0243H     0036H     UNIT         ?PR?MOTOR_TICK?MOTOR
            CODE    0279H     002DH     UNIT         ?C?LIB_CODE
            CODE    02A6H     0024H     UNIT         ?C_INITSEG
            CODE    02CAH     0021H     UNIT         ?PR?_SEG_SETALL?SEG
            CODE    02EBH     001AH     UNIT         ?PR?_BEEP_SETENABLE?BEEP
            CODE    0305H     0018H     UNIT         ?PR?_SEG_SETBUF?SEG
            CODE    031DH     0016H     UNIT         ?PR?SEG_DISPLAY?SEG
BL51 BANKED LINKER/LOCATER V6.22.4.0                                                  08/15/2026  10:38:25  PAGE 2


            CODE    0333H     0015H     UNIT         ?PR?TIMER0INIT?MAIN
            CODE    0348H     0015H     UNIT         ?PR?_MOTOR_GETDUTY?MOTOR
            CODE    035DH     0014H     UNIT         ?PR?SEG_INIT?SEG
            CODE    0371H     0010H     UNIT         ?PR?_MOTOR_SETSPEED?MOTOR
            CODE    0381H     000EH     UNIT         ?PR?BEEP_INIT?BEEP
            CODE    038FH     000CH     UNIT         ?PR?MOTOR_INIT?MOTOR
            CODE    039BH     000CH     UNIT         ?PR?_MOTOR_SETDIR?MOTOR
            CODE    03A7H     000BH     UNIT         ?PR?_DELAY_10US?KEY
            CODE    03B2H     000BH     UNIT         ?PR?_DELAY_10US?SEG
            CODE    03BDH     000BH     UNIT         ?CO?SEG



OVERLAY MAP OF MODULE:   .\Objects\Hardware_C1 (MAIN)


SEGMENT                              BIT_GROUP          DATA_GROUP 
  +--> CALLED SEGMENT             START    LENGTH     START    LENGTH
---------------------------------------------------------------------
?PR?TIMER0SERVER?MAIN             -----    -----      -----    -----
  +--> ?PR?MOTOR_TICK?MOTOR
  +--> ?PR?BEEP_TICK?BEEP

?PR?MOTOR_TICK?MOTOR              0020H.0  0000H.1    -----    -----
  +--> ?PR?_MOTOR_GETDUTY?MOTOR

*** NEW ROOT ***************************************************

?C_C51STARTUP                     -----    -----      -----    -----
  +--> ?PR?MAIN?MAIN
  +--> ?C_INITSEG

?PR?MAIN?MAIN                     -----    -----      001BH    0003H
  +--> ?PR?LED_INIT?LED
  +--> ?PR?SEG_INIT?SEG
  +--> ?PR?MOTOR_INIT?MOTOR
  +--> ?PR?BEEP_INIT?BEEP
  +--> ?PR?_MOTOR_SETDIR?MOTOR
  +--> ?PR?_MOTOR_SETSPEED?MOTOR
  +--> ?PR?TIMER0INIT?MAIN
  +--> ?PR?_KEY_READ?KEY
  +--> ?PR?_BEEP_SETENABLE?BEEP

?PR?_KEY_READ?KEY                 -----    -----      -----    -----
  +--> ?PR?_DELAY_10US?KEY



SYMBOL TABLE OF MODULE:  .\Objects\Hardware_C1 (MAIN)

  VALUE           TYPE          NAME
  ----------------------------------

  -------         MODULE        MAIN
  C:0000H         SYMBOL        _ICE_DUMMY_
  D:0090H         PUBLIC        P1
  D:00B0H         PUBLIC        P3
BL51 BANKED LINKER/LOCATER V6.22.4.0                                                  08/15/2026  10:38:25  PAGE 3


  B:00A8H.7       PUBLIC        EA
  D:00A8H         PUBLIC        IE
  D:00B8H         PUBLIC        IP
  C:009AH         PUBLIC        main
  C:01B7H         PUBLIC        Timer0Server
  D:0098H         PUBLIC        SCON
  D:0089H         PUBLIC        TMOD
  D:0088H         PUBLIC        TCON
  B:00A8H.1       PUBLIC        ET0
  B:0088H.5       PUBLIC        TF0
  C:0333H         SYMBOL        Timer0Init
  D:008CH         PUBLIC        TH0
  D:008AH         PUBLIC        TL0
  B:0088H.4       PUBLIC        TR0
  D:00C8H         PUBLIC        T2CON
  D:00D0H         PUBLIC        PSW
  -------         PROC          TIMER0INIT
  C:0333H         LINE#         8
  C:0333H         LINE#         9
  C:0333H         LINE#         10
  C:0336H         LINE#         11
  C:0339H         LINE#         12
  C:033CH         LINE#         13
  C:033FH         LINE#         14
  C:0341H         LINE#         15
  C:0343H         LINE#         16
  C:0345H         LINE#         17
  C:0347H         LINE#         18
  -------         ENDPROC       TIMER0INIT
  -------         PROC          TIMER0SERVER
  C:01B7H         LINE#         20
  C:01D4H         LINE#         22
  C:01D6H         LINE#         23
  C:01D9H         LINE#         24
  C:01DCH         LINE#         25
  C:01DFH         LINE#         26
  C:01E2H         LINE#         27
  -------         ENDPROC       TIMER0SERVER
  -------         PROC          MAIN
  -------         DO            
  D:001BH         SYMBOL        key
  D:001CH         SYMBOL        speed
  D:001DH         SYMBOL        dir
  -------         ENDDO         
  C:009AH         LINE#         29
  C:009AH         LINE#         30
  C:009AH         LINE#         31
  C:009DH         LINE#         32
  C:009FH         LINE#         33
  C:00A1H         LINE#         36
  C:00A4H         LINE#         37
  C:00A7H         LINE#         38
  C:00AAH         LINE#         39
  C:00ADH         LINE#         40
  C:00B2H         LINE#         41
  C:00B7H         LINE#         42
  C:00BAH         LINE#         44
BL51 BANKED LINKER/LOCATER V6.22.4.0                                                  08/15/2026  10:38:25  PAGE 4


  C:00BAH         LINE#         45
  C:00BAH         LINE#         46
  C:00C1H         LINE#         47
  C:00C7H         LINE#         48
  C:00C7H         LINE#         49
  C:00C9H         LINE#         50
  C:00D0H         LINE#         51
  C:00D0H         LINE#         52
  C:00D3H         LINE#         53
  C:00D3H         LINE#         54
  C:00D8H         LINE#         55
  C:00E6H         LINE#         56
  C:00E8H         LINE#         57
  C:00EDH         LINE#         58
  C:00EDH         LINE#         59
  C:00F0H         LINE#         60
  C:00F5H         LINE#         61
  C:00F7H         LINE#         62
  C:00FCH         LINE#         63
  C:00FCH         LINE#         64
  C:00FFH         LINE#         65
  C:0104H         LINE#         66
  C:0104H         LINE#         67
  -------         ENDPROC       MAIN
  -------         ENDMOD        MAIN

  -------         MODULE        BEEP
  C:0000H         SYMBOL        _ICE_DUMMY_
  D:0090H         PUBLIC        P1
  D:00A0H         PUBLIC        P2
  D:00B0H         PUBLIC        P3
  D:0010H         SYMBOL        Beep_ToneTick
  D:00A8H         PUBLIC        IE
  D:00B8H         PUBLIC        IP
  B:00A0H.5       PUBLIC        BEEP
  D:0012H         SYMBOL        Beep_Enable
  D:0098H         PUBLIC        SCON
  D:0088H         PUBLIC        TCON
  C:02EBH         PUBLIC        _Beep_SetEnable
  D:00C8H         PUBLIC        T2CON
  D:0013H         SYMBOL        Beep_Count
  D:0014H         SYMBOL        Beep_TonePhase
  C:01FDH         PUBLIC        Beep_Tick
  C:0381H         PUBLIC        Beep_Init
  D:00D0H         PUBLIC        PSW
  -------         PROC          BEEP_INIT
  C:0381H         LINE#         11
  C:0381H         LINE#         12
  C:0381H         LINE#         13
  C:0383H         LINE#         14
  C:0386H         LINE#         15
  C:0388H         LINE#         16
  C:038CH         LINE#         17
  C:038EH         LINE#         18
  -------         ENDPROC       BEEP_INIT
  -------         PROC          _BEEP_SETENABLE
  D:0007H         SYMBOL        enable
BL51 BANKED LINKER/LOCATER V6.22.4.0                                                  08/15/2026  10:38:25  PAGE 5


  C:02EBH         LINE#         20
  C:02EBH         LINE#         21
  C:02EBH         LINE#         22
  C:02F6H         LINE#         23
  C:02FAH         LINE#         24
  C:02FAH         LINE#         25
  C:02FCH         LINE#         26
  C:02FEH         LINE#         27
  C:0302H         LINE#         28
  C:0304H         LINE#         29
  C:0304H         LINE#         30
  -------         ENDPROC       _BEEP_SETENABLE
  -------         PROC          BEEP_TICK
  C:01FDH         LINE#         32
  C:01FDH         LINE#         33
  C:01FDH         LINE#         34
  C:0201H         LINE#         35
  C:0201H         LINE#         36
  C:0204H         LINE#         38
  C:0204H         LINE#         41
  C:020CH         LINE#         42
  C:0217H         LINE#         43
  C:0217H         LINE#         44
  C:021CH         LINE#         45
  C:0228H         LINE#         46
  C:022BH         LINE#         47
  C:022BH         LINE#         49
  C:022DH         LINE#         50
  C:023DH         LINE#         51
  C:023DH         LINE#         52
  C:0240H         LINE#         53
  C:0242H         LINE#         54
  C:0242H         LINE#         55
  -------         ENDPROC       BEEP_TICK
  -------         ENDMOD        BEEP

  -------         MODULE        KEY
  C:0000H         SYMBOL        _ICE_DUMMY_
  D:0090H         PUBLIC        P1
  D:00B0H         PUBLIC        P3
  C:016BH         PUBLIC        _Key_Read
  D:00A8H         PUBLIC        IE
  D:00B8H         PUBLIC        IP
  B:00B0H.1       PUBLIC        KEY1
  B:00B0H.0       PUBLIC        KEY2
  B:00B0H.2       PUBLIC        KEY3
  B:00B0H.3       PUBLIC        KEY4
  D:0098H         PUBLIC        SCON
  D:0088H         PUBLIC        TCON
  C:03A7H         SYMBOL        _delay_10us
  D:00C8H         PUBLIC        T2CON
  D:00D0H         PUBLIC        PSW
  -------         PROC          _DELAY_10US
  D:0006H         SYMBOL        ten_us
  C:03A7H         LINE#         10
  C:03A7H         LINE#         11
  C:03A7H         LINE#         12
BL51 BANKED LINKER/LOCATER V6.22.4.0                                                  08/15/2026  10:38:25  PAGE 6


  C:03B1H         LINE#         13
  -------         ENDPROC       _DELAY_10US
  -------         PROC          _KEY_READ
  D:0007H         SYMBOL        mode
  -------         DO            
  D:001EH         SYMBOL        key
  -------         ENDDO         
  C:016BH         LINE#         15
  C:016BH         LINE#         16
  C:016BH         LINE#         19
  C:016EH         LINE#         20
  C:016EH         LINE#         21
  C:0171H         LINE#         22
  C:0171H         LINE#         24
  C:0183H         LINE#         25
  C:0183H         LINE#         26
  C:018AH         LINE#         27
  C:018DH         LINE#         28
  C:0190H         LINE#         29
  C:0193H         LINE#         30
  C:0196H         LINE#         31
  C:0199H         LINE#         32
  C:019CH         LINE#         33
  C:019FH         LINE#         34
  C:01A2H         LINE#         35
  C:01A5H         LINE#         36
  C:01A5H         LINE#         37
  C:01B1H         LINE#         38
  C:01B1H         LINE#         39
  C:01B4H         LINE#         40
  C:01B4H         LINE#         42
  C:01B6H         LINE#         43
  -------         ENDPROC       _KEY_READ
  -------         ENDMOD        KEY

  -------         MODULE        LED
  C:0000H         SYMBOL        _ICE_DUMMY_
  D:0090H         PUBLIC        P1
  D:00A0H         PUBLIC        P2
  D:00B0H         PUBLIC        P3
  C:0003H         PUBLIC        Led_Init
  C:0006H         PUBLIC        Led1_Toggle
  D:00A8H         PUBLIC        IE
  D:00B8H         PUBLIC        IP
  D:0098H         PUBLIC        SCON
  D:0088H         PUBLIC        TCON
  B:00A0H.0       PUBLIC        LED
  D:00C8H         PUBLIC        T2CON
  D:00D0H         PUBLIC        PSW
  -------         PROC          LED_INIT
  C:0003H         LINE#         6
  C:0003H         LINE#         7
  C:0003H         LINE#         8
  C:0005H         LINE#         9
  -------         ENDPROC       LED_INIT
  -------         PROC          LED1_TOGGLE
  C:0006H         LINE#         11
BL51 BANKED LINKER/LOCATER V6.22.4.0                                                  08/15/2026  10:38:25  PAGE 7


  C:0006H         LINE#         12
  C:0006H         LINE#         13
  C:0008H         LINE#         14
  -------         ENDPROC       LED1_TOGGLE
  -------         ENDMOD        LED

  -------         MODULE        MOTOR
  C:0000H         SYMBOL        _ICE_DUMMY_
  B:0090H.1       PUBLIC        MOTOR_AIN2
  D:0090H         PUBLIC        P1
  C:0243H         PUBLIC        Motor_Tick
  D:00B0H         PUBLIC        P3
  C:038FH         PUBLIC        Motor_Init
  D:00A8H         PUBLIC        IE
  D:0015H         SYMBOL        Motor_Dir
  C:0371H         PUBLIC        _Motor_SetSpeed
  D:00B8H         PUBLIC        IP
  D:0098H         PUBLIC        SCON
  D:0088H         PUBLIC        TCON
  D:0016H         SYMBOL        Motor_PwmCount
  C:0348H         SYMBOL        _Motor_GetDuty
  C:039BH         PUBLIC        _Motor_SetDir
  D:00C8H         PUBLIC        T2CON
  D:0017H         SYMBOL        Motor_Speed
  D:00D0H         PUBLIC        PSW
  B:0090H.0       PUBLIC        MOTOR_AIN1
  -------         PROC          _MOTOR_GETDUTY
  D:0007H         SYMBOL        speed
  C:0348H         LINE#         11
  C:0348H         LINE#         12
  C:0348H         LINE#         14
  C:034BH         LINE#         15
  C:034BH         LINE#         16
  C:034EH         LINE#         17
  C:034EH         LINE#         18
  C:0351H         LINE#         19
  C:0351H         LINE#         20
  C:0354H         LINE#         21
  C:0354H         LINE#         22
  C:0357H         LINE#         23
  C:0357H         LINE#         24
  C:035AH         LINE#         25
  C:035AH         LINE#         26
  C:035CH         LINE#         27
  -------         ENDPROC       _MOTOR_GETDUTY
  -------         PROC          MOTOR_INIT
  C:038FH         LINE#         29
  C:038FH         LINE#         30
  C:038FH         LINE#         31
  C:0391H         LINE#         32
  C:0393H         LINE#         33
  C:0396H         LINE#         34
  C:0398H         LINE#         35
  C:039AH         LINE#         36
  -------         ENDPROC       MOTOR_INIT
  -------         PROC          _MOTOR_SETSPEED
  D:0007H         SYMBOL        speed
BL51 BANKED LINKER/LOCATER V6.22.4.0                                                  08/15/2026  10:38:25  PAGE 8


  C:0371H         LINE#         38
  C:0371H         LINE#         39
  C:0371H         LINE#         40
  C:0373H         LINE#         41
  C:037AH         LINE#         42
  C:037AH         LINE#         43
  C:037DH         LINE#         44
  C:037DH         LINE#         45
  C:0380H         LINE#         46
  -------         ENDPROC       _MOTOR_SETSPEED
  -------         PROC          _MOTOR_SETDIR
  D:0007H         SYMBOL        dir
  C:039BH         LINE#         48
  C:039BH         LINE#         49
  C:039BH         LINE#         50
  C:03A6H         LINE#         51
  -------         ENDPROC       _MOTOR_SETDIR
  -------         PROC          MOTOR_TICK
  -------         DO            
  D:0007H         SYMBOL        duty
  B:0020H.0       SYMBOL        pwm_out
  -------         ENDDO         
  C:0243H         LINE#         53
  C:0243H         LINE#         54
  C:0243H         LINE#         55
  C:0248H         LINE#         59
  C:024BH         LINE#         60
  C:024BH         LINE#         61
  C:024DH         LINE#         62
  C:0250H         LINE#         64
  C:0250H         LINE#         66
  C:0252H         LINE#         67
  C:0259H         LINE#         68
  C:0259H         LINE#         69
  C:025CH         LINE#         70
  C:025CH         LINE#         73
  C:0267H         LINE#         74
  C:026BH         LINE#         75
  C:026BH         LINE#         76
  C:026FH         LINE#         77
  C:0271H         LINE#         78
  C:0272H         LINE#         80
  C:0272H         LINE#         81
  C:0274H         LINE#         82
  C:0278H         LINE#         83
  C:0278H         LINE#         84
  -------         ENDPROC       MOTOR_TICK
  -------         ENDMOD        MOTOR

  -------         MODULE        SEG
  C:0000H         SYMBOL        _ICE_DUMMY_
  D:0080H         PUBLIC        P0
  D:0090H         PUBLIC        P1
  D:00A0H         PUBLIC        P2
  D:00B0H         PUBLIC        P3
  C:0106H         PUBLIC        _Seg_Scan
  D:00A8H         PUBLIC        IE
BL51 BANKED LINKER/LOCATER V6.22.4.0                                                  08/15/2026  10:38:25  PAGE 9


  C:035DH         PUBLIC        Seg_Init
  D:00B8H         PUBLIC        IP
  D:0008H         SYMBOL        Seg_Buf
  D:0098H         PUBLIC        SCON
  D:0088H         PUBLIC        TCON
  C:03B2H         SYMBOL        _delay_10us
  C:02CAH         PUBLIC        _Seg_SetAll
  C:0305H         PUBLIC        _Seg_SetBuf
  C:031DH         PUBLIC        Seg_Display
  B:00A0H.2       PUBLIC        LSA
  B:00A0H.3       PUBLIC        LSB
  B:00A0H.4       PUBLIC        LSC
  D:00C8H         PUBLIC        T2CON
  D:00D0H         PUBLIC        PSW
  C:03BDH         SYMBOL        Seg_Code
  -------         PROC          _DELAY_10US
  D:0006H         SYMBOL        ten_us
  C:03B2H         LINE#         16
  C:03B2H         LINE#         17
  C:03B2H         LINE#         18
  C:03BCH         LINE#         19
  -------         ENDPROC       _DELAY_10US
  -------         PROC          SEG_INIT
  -------         DO            
  D:0007H         SYMBOL        i
  -------         ENDDO         
  C:035DH         LINE#         21
  C:035DH         LINE#         22
  C:035DH         LINE#         25
  C:035DH         LINE#         26
  C:035DH         LINE#         27
  C:0367H         LINE#         28
  C:0367H         LINE#         29
  C:0369H         LINE#         30
  C:036BH         LINE#         31
  C:036DH         LINE#         32
  C:0370H         LINE#         33
  -------         ENDPROC       SEG_INIT
  -------         PROC          _SEG_SETBUF
  D:0007H         SYMBOL        pos
  D:0005H         SYMBOL        dat
  C:0305H         LINE#         35
  C:0305H         LINE#         36
  C:0305H         LINE#         37
  C:030BH         LINE#         38
  C:030BH         LINE#         40
  C:030BH         LINE#         41
  C:031CH         LINE#         42
  -------         ENDPROC       _SEG_SETBUF
  -------         PROC          _SEG_SETALL
  D:0018H         SYMBOL        buf
  -------         DO            
  D:0004H         SYMBOL        i
  -------         ENDDO         
  C:02CAH         LINE#         44
  C:02D0H         LINE#         45
  C:02D0H         LINE#         48
BL51 BANKED LINKER/LOCATER V6.22.4.0                                                  08/15/2026  10:38:25  PAGE 10


  C:02D2H         LINE#         49
  C:02D2H         LINE#         50
  C:02E6H         LINE#         51
  C:02EAH         LINE#         52
  -------         ENDPROC       _SEG_SETALL
  -------         PROC          _SEG_SCAN
  D:0007H         SYMBOL        pos
  C:0106H         LINE#         54
  C:0106H         LINE#         55
  C:0106H         LINE#         56
  C:010CH         LINE#         57
  C:010CH         LINE#         59
  C:010CH         LINE#         61
  C:0131H         LINE#         62
  C:0131H         LINE#         63
  C:0135H         LINE#         64
  C:0139H         LINE#         65
  C:013DH         LINE#         66
  C:0141H         LINE#         67
  C:0149H         LINE#         68
  C:0151H         LINE#         69
  C:0159H         LINE#         70
  C:015FH         LINE#         71
  C:015FH         LINE#         73
  C:016AH         LINE#         74
  -------         ENDPROC       _SEG_SCAN
  -------         PROC          SEG_DISPLAY
  -------         DO            
  D:0005H         SYMBOL        i
  -------         ENDDO         
  C:031DH         LINE#         76
  C:031DH         LINE#         77
  C:031DH         LINE#         80
  C:031FH         LINE#         81
  C:031FH         LINE#         82
  C:0324H         LINE#         83
  C:032BH         LINE#         84
  C:032EH         LINE#         85
  C:0332H         LINE#         86
  -------         ENDPROC       SEG_DISPLAY
  -------         ENDMOD        SEG

  -------         MODULE        ?C?CLDOPTR
  C:0279H         PUBLIC        ?C?CLDOPTR
  -------         ENDMOD        ?C?CLDOPTR

*** WARNING L16: UNCALLED SEGMENT, IGNORED FOR OVERLAY PROCESS
    SEGMENT: ?PR?LED1_TOGGLE?LED

*** WARNING L16: UNCALLED SEGMENT, IGNORED FOR OVERLAY PROCESS
    SEGMENT: ?PR?_SEG_SETALL?SEG

*** WARNING L16: UNCALLED SEGMENT, IGNORED FOR OVERLAY PROCESS
    SEGMENT: ?PR?SEG_DISPLAY?SEG

Program Size: data=32.1 xdata=0 code=966
LINK/LOCATE RUN COMPLETE.  3 WARNING(S),  0 ERROR(S)
