C51 COMPILER V9.60.7.0   LED                                                               08/15/2026 10:38:25 PAGE 1   


C51 COMPILER V9.60.7.0, COMPILATION OF MODULE LED
OBJECT MODULE PLACED IN .\Objects\Led.obj
COMPILER INVOKED BY: D:\Keil_v5\C51\BIN\C51.EXE ..\Driver\Led.c OPTIMIZE(8,SPEED) BROWSE INCDIR(..\Driver) DEBUG OBJECTE
                    -XTEND PRINT(.\Listings\Led.lst) TABS(2) OBJECT(.\Objects\Led.obj)

line level    source

   1          #include "reg52.h"
   2          #include "Led.h"
   3          
   4          sbit LED = P2^0;
   5          
   6          void Led_Init(void) 
   7          {
   8   1          LED = 1;
   9   1      }
  10          
  11          void Led1_Toggle(void)   
  12          {
  13   1          LED = !LED;
  14   1      }


MODULE INFORMATION:   STATIC OVERLAYABLE
   CODE SIZE        =      6    ----
   CONSTANT SIZE    =   ----    ----
   XDATA SIZE       =   ----    ----
   PDATA SIZE       =   ----    ----
   DATA SIZE        =   ----    ----
   IDATA SIZE       =   ----    ----
   BIT SIZE         =   ----    ----
END OF MODULE INFORMATION.


C51 COMPILATION COMPLETE.  0 WARNING(S),  0 ERROR(S)
