C51 COMPILER V9.60.7.0   MAIN                                                              08/15/2026 09:35:11 PAGE 1   


C51 COMPILER V9.60.7.0, COMPILATION OF MODULE MAIN
OBJECT MODULE PLACED IN .\Objects\main.obj
COMPILER INVOKED BY: D:\Keil_v5\C51\BIN\C51.EXE main.c OPTIMIZE(8,SPEED) BROWSE INCDIR(..\Driver) DEBUG OBJECTEXTEND PRI
                    -NT(.\Listings\main.lst) TABS(2) OBJECT(.\Objects\main.obj)

line level    source

   1          #include "reg52.h"
   2          #include "Key.h"
   3          #include "Led.h"
   4          #include "Motor.h"
   5          #include "Beep.h"
   6          #include "Seg.h"
   7          
   8          static void Timer0Init(void)
   9          {
  10   1          TMOD &= 0xF0;
  11   1          TMOD |= 0x01;
  12   1          TH0 = 0xFF;
  13   1          TL0 = 0x38;
  14   1          TF0 = 0;
  15   1          ET0 = 1;
  16   1          EA = 1;
  17   1          TR0 = 1;
  18   1      }
  19          
  20          void Timer0Server(void) interrupt 1
  21          {
  22   1          TF0 = 0;
  23   1          TH0 = 0xFF;
  24   1          TL0 = 0x38;
  25   1          Motor_Tick();
  26   1          Beep_Tick();
  27   1      }
  28          
  29          void main(void)
  30          {
  31   1          unsigned char key = 0;
  32   1          unsigned char speed = MOTOR_SPEED_STOP;
  33   1          unsigned char dir = MOTOR_DIR_FORWARD;
  34   1      
  35   1          // 初始状态：电机停止、蜂鸣器关闭、LED 熄灭、数码管熄灭
  36   1          Led_Init();
  37   1          Seg_Init();
  38   1          Motor_Init();
  39   1          Beep_Init();
  40   1          Motor_SetDir(dir);
  41   1          Motor_SetSpeed(speed);
  42   1          Timer0Init();
  43   1      
  44   1          while (1)
  45   1          {
  46   2              key = Key_Read(0);
  47   2              if (key == KEY1_PRESS) //KEY1 循环切换停止、低速、中速和高速
  48   2              {
  49   3                  speed++;
  50   3                  if (speed > MOTOR_SPEED_HIGH)
  51   3                  {
  52   4                      speed = MOTOR_SPEED_STOP;
  53   4                  }
  54   3                  Motor_SetSpeed(speed);
C51 COMPILER V9.60.7.0   MAIN                                                              08/15/2026 09:35:11 PAGE 2   

  55   3                  Beep_SetEnable(speed == MOTOR_SPEED_HIGH);  // 高速时开启蜂鸣器
  56   3              }
  57   2              else if (key == KEY2_PRESS)   // KEY2 设置电机正转
  58   2              {
  59   3                  dir = MOTOR_DIR_FORWARD;
  60   3                  Motor_SetDir(dir);
  61   3              }
  62   2              else if (key == KEY3_PRESS)   //KEY3 设置电机反转
  63   2              {
  64   3                  dir = MOTOR_DIR_REVERSE;
  65   3                  Motor_SetDir(dir);
  66   3              }
  67   2          }
  68   1      }


MODULE INFORMATION:   STATIC OVERLAYABLE
   CODE SIZE        =    199    ----
   CONSTANT SIZE    =   ----    ----
   XDATA SIZE       =   ----    ----
   PDATA SIZE       =   ----    ----
   DATA SIZE        =   ----       3
   IDATA SIZE       =   ----    ----
   BIT SIZE         =   ----    ----
END OF MODULE INFORMATION.


C51 COMPILATION COMPLETE.  0 WARNING(S),  0 ERROR(S)
