C51 COMPILER V9.60.7.0   ENCODER                                                           08/15/2026 23:55:01 PAGE 1   


C51 COMPILER V9.60.7.0, COMPILATION OF MODULE ENCODER
OBJECT MODULE PLACED IN .\Objects\Encoder.obj
COMPILER INVOKED BY: D:\Keil_v5\C51\BIN\C51.EXE ..\Driver\Encoder.c OPTIMIZE(8,SPEED) BROWSE INCDIR(..\Driver) DEBUG OBJ
                    -ECTEXTEND PRINT(.\Listings\Encoder.lst) TABS(2) OBJECT(.\Objects\Encoder.obj)

line level    source

   1          #include "reg52.h"
   2          #include "Encoder.h"
   3          
   4          /* MG310 Hall encoder: A is connected to INT0, B is sampled for direction. */
   5          sbit ENCODER_A = P3^2;
   6          sbit ENCODER_B = P3^3;
   7          
   8          static volatile signed int Encoder_Count = 0;
   9          
  10          void Encoder_Init(void)
  11          {
  12   1          /* Quasi-bidirectional inputs: write 1 to release the pins. */
  13   1          ENCODER_A = 1;
  14   1          ENCODER_B = 1;
  15   1          Encoder_Count = 0;
  16   1          IT0 = 1;
  17   1          IE0 = 0;
  18   1          EX0 = 1;
  19   1      }
  20          
  21          void Encoder_Int0(void) interrupt 0
  22          {
  23   1          if (ENCODER_B)
  24   1          {
  25   2              Encoder_Count--;
  26   2          }
  27   1          else
  28   1          {
  29   2              Encoder_Count++;
  30   2          }
  31   1      }
  32          
  33          int Encoder_GetDelta(void)
  34          {
  35   1          signed int count;
  36   1      
  37   1          EX0 = 0;
  38   1          count = Encoder_Count;
  39   1          Encoder_Count = 0;
  40   1          EX0 = 1;
  41   1          return count;
  42   1      }


MODULE INFORMATION:   STATIC OVERLAYABLE
   CODE SIZE        =     56    ----
   CONSTANT SIZE    =   ----    ----
   XDATA SIZE       =   ----    ----
   PDATA SIZE       =   ----    ----
   DATA SIZE        =      2    ----
   IDATA SIZE       =   ----    ----
   BIT SIZE         =   ----    ----
END OF MODULE INFORMATION.


C51 COMPILATION COMPLETE.  0 WARNING(S),  0 ERROR(S)
