C51 COMPILER V9.60.7.0   LED                                                               08/15/2026 16:54:17 PAGE 1   


C51 COMPILER V9.60.7.0, COMPILATION OF MODULE LED
OBJECT MODULE PLACED IN .\Objects\Led.obj
COMPILER INVOKED BY: D:\Keil_v5\C51\BIN\C51.EXE ..\Driver\Led.c OPTIMIZE(8,SPEED) BROWSE INCDIR(..\Driver) DEBUG OBJECTE
                    -XTEND PRINT(.\Listings\Led.lst) TABS(2) OBJECT(.\Objects\Led.obj)

line level    source

   1          #include "reg52.h"
   2          #include "Led.h"
   3          
   4          sbit LED = P2^0;
   5          
   6          /* 函数作用：初始化 LED，并使其保持熄灭。 */
   7          void Led_Init(void)
   8          {
   9   1          LED = 1;
  10   1      }
  11          
  12          /* 函数作用：翻转 LED 当前的亮灭状态。 */
  13          void Led_Toggle(void)
  14          {
  15   1          LED = !LED;
  16   1      }


MODULE INFORMATION:   STATIC OVERLAYABLE
   CODE SIZE        =      6    ----
   CONSTANT SIZE    =   ----    ----
   XDATA SIZE       =   ----    ----
   PDATA SIZE       =   ----    ----
   DATA SIZE        =   ----    ----
   IDATA SIZE       =   ----    ----
   BIT SIZE         =   ----    ----
END OF MODULE INFORMATION.


C51 COMPILATION COMPLETE.  0 WARNING(S),  0 ERROR(S)
