C51 COMPILER V9.60.7.0   MOTOR                                                             08/15/2026 23:55:01 PAGE 1   


C51 COMPILER V9.60.7.0, COMPILATION OF MODULE MOTOR
OBJECT MODULE PLACED IN .\Objects\Motor.obj
COMPILER INVOKED BY: D:\Keil_v5\C51\BIN\C51.EXE ..\Driver\Motor.c OPTIMIZE(8,SPEED) BROWSE INCDIR(..\Driver) DEBUG OBJEC
                    -TEXTEND PRINT(.\Listings\Motor.lst) TABS(2) OBJECT(.\Objects\Motor.obj)

line level    source

   1          #include "reg52.h"
   2          #include "Motor.h"
   3          
   4          // TB6612 A 通道：方向使用 P2.6/P2.7，PWMA 使用 P2.1，STBY 外接逻辑高电平
   5          sbit MOTOR_AIN1 = P2^6;
   6          sbit MOTOR_AIN2 = P2^7;
   7          sbit MOTOR_PWMA = P2^1;
   8          
   9          static volatile unsigned char Motor_Speed = MOTOR_SPEED_STOP;
  10          static volatile unsigned char Motor_Dir = MOTOR_DIR_FORWARD;
  11          static volatile unsigned char Motor_PwmCount = 0;
  12          
  13          static unsigned char Motor_GetDuty(unsigned char speed)  //根据速度档位返回对应的软件 PWM 占
             -空比
  14          {
  15   1          if (speed == MOTOR_SPEED_LOW)
  16   1          {
  17   2              return 2;
  18   2          }
  19   1          if (speed == MOTOR_SPEED_MID)
  20   1          {
  21   2              return 4;
  22   2          }
  23   1          if (speed == MOTOR_SPEED_HIGH)
  24   1          {
  25   2              return 7;
  26   2          }
  27   1          return 0;
  28   1      }
  29          
  30          void Motor_Init(void)  //初始化电机：停止、正转状态
  31          {
  32   1          MOTOR_AIN1 = 0;
  33   1          MOTOR_AIN2 = 0;
  34   1          MOTOR_PWMA = 0;
  35   1          Motor_Speed = MOTOR_SPEED_STOP;
  36   1          Motor_Dir = MOTOR_DIR_FORWARD;
  37   1          Motor_PwmCount = 0;
  38   1      }
  39          
  40          void Motor_SetSpeed(unsigned char speed)  //设置电机速度档位，并清零 PWM 计数器
  41          {
  42   1          Motor_Speed = speed;
  43   1          if (Motor_Speed > MOTOR_SPEED_HIGH)
  44   1          {
  45   2              Motor_Speed = MOTOR_SPEED_STOP;
  46   2          }
  47   1          Motor_PwmCount = 0;
  48   1      }
  49          
  50          void Motor_SetEnable(unsigned char enable)
  51          {
  52   1          if (enable == 0)
  53   1          {
C51 COMPILER V9.60.7.0   MOTOR                                                             08/15/2026 23:55:01 PAGE 2   

  54   2              Motor_Speed = MOTOR_SPEED_STOP;
  55   2              Motor_PwmCount = 0;
  56   2              MOTOR_AIN1 = 0;
  57   2              MOTOR_AIN2 = 0;
  58   2              MOTOR_PWMA = 0;
  59   2          }
  60   1      }
  61          
  62          void Motor_SetDir(unsigned char dir)  //设置电机的正转或反转方向
  63          {
  64   1          Motor_Dir = dir ? MOTOR_DIR_REVERSE : MOTOR_DIR_FORWARD;
  65   1      }
  66          
  67          void Motor_Tick(void)  
  68          {
  69   1          unsigned char duty = Motor_GetDuty(Motor_Speed);
  70   1          bit pwm_out;
  71   1      
  72   1          if (duty == 0)
  73   1          {
  74   2              MOTOR_AIN1 = 0;
  75   2              MOTOR_AIN2 = 0;
  76   2              MOTOR_PWMA = 0;
  77   2              return;
  78   2          }
  79   1      
  80   1          Motor_PwmCount++;
  81   1          if (Motor_PwmCount >= 10)
  82   1          {
  83   2              Motor_PwmCount = 0;
  84   2          }
  85   1      
  86   1          pwm_out = (Motor_PwmCount < duty) ? 1 : 0;
  87   1          MOTOR_PWMA = pwm_out;
  88   1          if (Motor_Dir == MOTOR_DIR_FORWARD)
  89   1          {
  90   2              MOTOR_AIN1 = 1;
  91   2              MOTOR_AIN2 = 0;
  92   2          }
  93   1          else
  94   1          {
  95   2              MOTOR_AIN1 = 0;
  96   2              MOTOR_AIN2 = 1;
  97   2          }
  98   1      }


MODULE INFORMATION:   STATIC OVERLAYABLE
   CODE SIZE        =    133    ----
   CONSTANT SIZE    =   ----    ----
   XDATA SIZE       =   ----    ----
   PDATA SIZE       =   ----    ----
   DATA SIZE        =      3    ----
   IDATA SIZE       =   ----    ----
   BIT SIZE         =   ----       1
END OF MODULE INFORMATION.


C51 COMPILATION COMPLETE.  0 WARNING(S),  0 ERROR(S)
