C51 COMPILER V9.60.7.0   UART                                                              08/15/2026 23:55:01 PAGE 1   


C51 COMPILER V9.60.7.0, COMPILATION OF MODULE UART
OBJECT MODULE PLACED IN .\Objects\Uart.obj
COMPILER INVOKED BY: D:\Keil_v5\C51\BIN\C51.EXE ..\Driver\Uart.c OPTIMIZE(8,SPEED) BROWSE INCDIR(..\Driver) DEBUG OBJECT
                    -EXTEND PRINT(.\Listings\Uart.lst) TABS(2) OBJECT(.\Objects\Uart.obj)

line level    source

   1          #include "reg52.h"
   2          #include "Uart.h"
   3          
   4          #define UART_RX_SIZE 32
   5          
   6          static volatile unsigned char Uart_RxBuf[UART_RX_SIZE];
   7          static volatile unsigned char Uart_RxHead = 0;
   8          static volatile unsigned char Uart_RxTail = 0;
   9          
  10          void Uart_Init(void) //按照串口实验例程初始化串口
  11          {
  12   1          TMOD |= 0x20;
  13   1          SCON = 0x50;
  14   1          PCON = 0x80;
  15   1          TH1 = 0xFA;
  16   1          TL1 = 0xFA;
  17   1          ES = 1;
  18   1          EA = 1;
  19   1          TR1 = 1;
  20   1          TI = 0;
  21   1          RI = 0;
  22   1          Uart_RxHead = 0;
  23   1          Uart_RxTail = 0;
  24   1      }
  25          
  26          void Uart_ISR(void) interrupt 4
  27          {
  28   1          unsigned char next_head;
  29   1      
  30   1          if (RI)
  31   1          {
  32   2              RI = 0;
  33   2              next_head = Uart_RxHead + 1;
  34   2              if (next_head >= UART_RX_SIZE)
  35   2              {
  36   3                  next_head = 0;
  37   3              }
  38   2              if (next_head != Uart_RxTail)
  39   2              {
  40   3                  Uart_RxBuf[Uart_RxHead] = SBUF;
  41   3                  Uart_RxHead = next_head;
  42   3              }
  43   2          }
  44   1      
  45   1          if (TI)
  46   1          {
  47   2              TI = 0;
  48   2          }
  49   1      }
  50          
  51          void Uart_SendByte(unsigned char dat)  //通过串口发送一个字节
  52          {
  53   1          ES = 0;
  54   1          TI = 0;
C51 COMPILER V9.60.7.0   UART                                                              08/15/2026 23:55:01 PAGE 2   

  55   1          SBUF = dat;
  56   1          while (TI == 0);
  57   1          TI = 0;
  58   1          ES = 1;
  59   1      }
  60          
  61          void Uart_SendBytes(const unsigned char *dat)  //通过串口连续发送以 0 结尾的字节串
  62          {
  63   1          while (*dat != 0)
  64   1          {
  65   2              Uart_SendByte(*dat);
  66   2              dat++;
  67   2          }
  68   1      }
  69          
  70          unsigned char Uart_ReadByte(unsigned char *dat)  //从串口环形缓冲区读取一个字节
  71          {
  72   1          if (Uart_RxHead == Uart_RxTail)
  73   1          {
  74   2              return 0;
  75   2          }
  76   1      
  77   1          *dat = Uart_RxBuf[Uart_RxTail];
  78   1          Uart_RxTail++;
  79   1          if (Uart_RxTail >= UART_RX_SIZE)
  80   1          {
  81   2              Uart_RxTail = 0;
  82   2          }
  83   1          return 1;
  84   1      }
  85          
  86          void Uart_ClearRx(void)  //清空串口接收缓冲和硬件接收标志
  87          {
  88   1          Uart_RxTail = Uart_RxHead;
  89   1          RI = 0;
  90   1      }


MODULE INFORMATION:   STATIC OVERLAYABLE
   CODE SIZE        =    163    ----
   CONSTANT SIZE    =   ----    ----
   XDATA SIZE       =   ----    ----
   PDATA SIZE       =   ----    ----
   DATA SIZE        =     34    ----
   IDATA SIZE       =   ----    ----
   BIT SIZE         =   ----    ----
END OF MODULE INFORMATION.


C51 COMPILATION COMPLETE.  0 WARNING(S),  0 ERROR(S)
